WARNING: module 'DataFlow' has been deprecated and may be removed in future (AppropriateStorageDurationsFunctionReturn.ql:28,20-28)
WARNING: module 'DataFlow' has been deprecated and may be removed in future (AppropriateStorageDurationsFunctionReturn.ql:32,31-39)
WARNING: module 'DataFlow' has been deprecated and may be removed in future (AppropriateStorageDurationsFunctionReturn.ql:45,6-14)
WARNING: module 'DataFlow' has been deprecated and may be removed in future (AppropriateStorageDurationsFunctionReturn.ql:45,26-34)
WARNING: module 'DataFlow' has been deprecated and may be removed in future (AppropriateStorageDurationsFunctionReturn.ql:51,3-11)
| test.c:3:10:3:10 | a | $@ with automatic storage may be accessible outside of its lifetime. | test.c:3:10:3:10 | a | a |
| test.c:15:4:15:8 | param [inner post update] | $@ with automatic storage may be accessible outside of its lifetime. | test.c:15:12:15:13 | a2 | a2 |
