| test.cpp:23:7:23:8 | b1 | Conversion from 'bool' to 'int'. |
| test.cpp:23:12:23:13 | b2 | Conversion from 'bool' to 'int'. |
| test.cpp:25:7:25:8 | b1 | Conversion from 'bool' to 'int'. |
| test.cpp:25:12:25:13 | b2 | Conversion from 'bool' to 'int'. |
| test.cpp:27:7:27:8 | b1 | Conversion from 'bool' to 'int'. |
| test.cpp:27:12:27:13 | b2 | Conversion from 'bool' to 'int'. |
| test.cpp:29:8:29:9 | b1 | Conversion from 'bool' to 'int'. |
| test.cpp:33:7:33:8 | b1 | Conversion from 'bool' to 'int'. |
| test.cpp:33:12:33:13 | b2 | Conversion from 'bool' to 'int'. |
| test.cpp:35:7:35:8 | b1 | Conversion from 'bool' to 'int'. |
| test.cpp:35:12:35:13 | b2 | Conversion from 'bool' to 'int'. |
| test.cpp:37:7:37:8 | b1 | Conversion from 'bool' to 'int'. |
| test.cpp:37:13:37:14 | b2 | Conversion from 'bool' to 'int'. |
| test.cpp:39:7:39:8 | b1 | Conversion from 'bool' to 'int'. |
| test.cpp:39:13:39:14 | b2 | Conversion from 'bool' to 'int'. |
| test.cpp:43:7:43:8 | b1 | Conversion from 'bool' to 'int'. |
| test.cpp:45:7:45:8 | b1 | Conversion from 'bool' to 'int'. |
| test.cpp:47:7:47:8 | b1 | Conversion from 'bool' to 'int'. |
| test.cpp:51:20:51:21 | b1 | Conversion from 'bool' to 'double'. |
| test.cpp:52:20:52:21 | b1 | Conversion from 'bool' to 'double'. |
| test.cpp:53:28:53:29 | b1 | Conversion from 'bool' to 'int'. |
| test.cpp:56:34:56:35 | b1 | Conversion from 'bool' to 'int8_t'. |
| test.cpp:57:36:57:37 | b1 | Conversion from 'bool' to 'int32_t'. |
| test.cpp:60:6:60:7 | b1 | Conversion from 'bool' to 'int32_t'. |
| test.cpp:61:6:61:7 | b1 | Conversion from 'bool' to 'double'. |
| test.cpp:64:11:64:12 | b1 | Conversion from 'bool' to 'int'. |
| test.cpp:72:9:72:10 | b1 | Conversion from 'bool' to 'int8_t'. |
| test.cpp:73:10:73:11 | b1 | Conversion from 'bool' to 'int32_t'. |
| test.cpp:74:8:74:9 | b1 | Conversion from 'bool' to 'double'. |
