| test.c:8:12:8:18 | ... + ... | The expression contains unsequenced $@ to $@ and $@ to $@. | test.c:8:12:8:13 | l1 | side effect | test.c:8:12:8:13 | l1 | l1 | test.c:8:17:8:18 | l1 | side effect | test.c:8:17:8:18 | l1 | l1 |
| test.c:9:12:9:18 | ... + ... | The expression contains unsequenced $@ to $@ and $@ to $@. | test.c:9:12:9:13 | l1 | side effect | test.c:9:12:9:13 | l1 | l1 | test.c:9:17:9:18 | l2 | side effect | test.c:9:17:9:18 | l2 | l2 |
| test.c:19:3:19:21 | ... = ... | The expression contains unsequenced $@ to $@ and $@ to $@. | test.c:19:8:19:9 | l1 | side effect | test.c:19:8:19:9 | l1 | l1 | test.c:19:13:19:14 | l1 | side effect | test.c:19:13:19:14 | l1 | l1 |
| test.c:21:3:21:5 | call to foo | The expression contains unsequenced $@ to $@ and $@ to $@. | test.c:21:7:21:8 | l1 | side effect | test.c:21:7:21:8 | l1 | l1 | test.c:21:11:21:12 | l2 | side effect | test.c:21:11:21:12 | l2 | l2 |
| test.c:27:3:27:5 | call to foo | The expression contains unsequenced $@ to $@ and $@ to $@. | test.c:27:7:27:10 | ... ++ | side effect | test.c:27:7:27:8 | l8 | l8 | test.c:27:13:27:14 | l8 | read | test.c:27:13:27:14 | l8 | l8 |
| test.c:37:5:37:13 | ... = ... | The expression contains unsequenced $@ to $@ and $@ to $@. | test.c:37:10:37:12 | ... ++ | side effect | test.c:37:10:37:10 | i | i | test.c:37:10:37:12 | ... ++ | side effect | test.c:37:10:37:10 | i | i |
