| test.cpp:24:6:24:7 | F1 | Function overloads a $@. | test.cpp:27:25:27:26 | F1 | function with a forwarding reference parameter |
| test.cpp:50:3:50:3 | A | Function overloads a $@. | test.cpp:48:3:48:3 | A | function with a forwarding reference parameter |
| test.cpp:51:3:51:3 | A | Function overloads a $@. | test.cpp:48:3:48:3 | A | function with a forwarding reference parameter |
