| test2.h:2:13:2:14 | f6 | Declaration with external linkage is accessed in only one translation unit $@. | test2.h:3:22:3:23 | call to f6 | call to f6 |
| test.c:3:5:3:6 | i1 | Declaration with external linkage is accessed in only one translation unit $@. | test.c:11:3:11:4 | i1 | i1 |
| test.c:4:5:4:6 | i2 | Declaration with external linkage is accessed in only one translation unit $@. | test.c:12:3:12:4 | i2 | i2 |
| test.c:6:6:6:7 | f2 | Declaration with external linkage is accessed in only one translation unit $@. | test.c:14:3:14:4 | call to f2 | call to f2 |
