| test.c:30:3:30:13 | call to thrd_create | Possible dynamic creation of thread outside initialization in function '$@'. | test.c:29:6:29:34 | make_threads_called_from_main | make_threads_called_from_main |
| test.c:31:3:31:16 | call to pthread_create | Possible dynamic creation of thread outside initialization in function '$@'. | test.c:29:6:29:34 | make_threads_called_from_main | make_threads_called_from_main |
| test.c:39:3:39:13 | call to thrd_create | Possible dynamic creation of thread outside initialization in function '$@'. | test.c:38:6:38:51 | make_threads_called_from_func_called_from_main | make_threads_called_from_func_called_from_main |
| test.c:40:3:40:16 | call to pthread_create | Possible dynamic creation of thread outside initialization in function '$@'. | test.c:38:6:38:51 | make_threads_called_from_func_called_from_main | make_threads_called_from_func_called_from_main |
| test.c:49:3:49:13 | call to thrd_create | Possible dynamic creation of thread outside initialization in function '$@'. | test.c:48:7:48:18 | pthread_func | pthread_func |
| test.c:50:3:50:16 | call to pthread_create | Possible dynamic creation of thread outside initialization in function '$@'. | test.c:48:7:48:18 | pthread_func | pthread_func |
| test.c:58:3:58:13 | call to thrd_create | Possible dynamic creation of thread outside initialization in function '$@'. | test.c:57:5:57:13 | thrd_func | thrd_func |
| test.c:59:3:59:16 | call to pthread_create | Possible dynamic creation of thread outside initialization in function '$@'. | test.c:57:5:57:13 | thrd_func | thrd_func |
| test.c:67:3:67:13 | call to thrd_create | Possible dynamic creation of thread outside initialization in function '$@'. | test.c:66:6:66:39 | make_threads_called_from_thrd_func | make_threads_called_from_thrd_func |
| test.c:68:3:68:16 | call to pthread_create | Possible dynamic creation of thread outside initialization in function '$@'. | test.c:66:6:66:39 | make_threads_called_from_thrd_func | make_threads_called_from_thrd_func |
| test.c:76:3:76:13 | call to thrd_create | Possible dynamic creation of thread outside initialization in function '$@'. | test.c:75:6:75:59 | make_threads_called_from_func_called_from_pthread_thrd | make_threads_called_from_func_called_from_pthread_thrd |
| test.c:77:3:77:16 | call to pthread_create | Possible dynamic creation of thread outside initialization in function '$@'. | test.c:75:6:75:59 | make_threads_called_from_func_called_from_pthread_thrd | make_threads_called_from_func_called_from_pthread_thrd |
| test.c:81:3:81:13 | call to thrd_create | Possible dynamic creation of thread outside initialization in function '$@'. | test.c:80:6:80:47 | make_threads_called_from_main_pthread_thrd | make_threads_called_from_main_pthread_thrd |
| test.c:82:3:82:16 | call to pthread_create | Possible dynamic creation of thread outside initialization in function '$@'. | test.c:80:6:80:47 | make_threads_called_from_main_pthread_thrd | make_threads_called_from_main_pthread_thrd |
| test.c:86:3:86:13 | call to thrd_create | Possible dynamic creation of thread outside initialization in function '$@'. | test.c:85:6:85:38 | make_threads_not_called_by_anyone | make_threads_not_called_by_anyone |
| test.c:87:3:87:16 | call to pthread_create | Possible dynamic creation of thread outside initialization in function '$@'. | test.c:85:6:85:38 | make_threads_not_called_by_anyone | make_threads_not_called_by_anyone |
