| test.c:4:19:4:33 | (const char *)... | Cast of pointer removes volatile qualification from its base type. |
| test.c:6:13:6:21 | (char *)... | Cast of pointer removes const qualification from its base type. |
| test.c:9:3:9:11 | (char *)... | Cast of pointer removes atomic qualification from its base type. |
| test.c:10:7:10:7 | (char *)... | Cast of pointer removes atomic qualification from its base type. |
| test.c:11:3:11:17 | (const char *)... | Cast of pointer removes atomic qualification from its base type. |
| test.c:12:7:12:7 | (const char *)... | Cast of pointer removes atomic qualification from its base type. |
