| test.c:13:15:13:20 | call to malloc | Use of banned dynamic memory allocation. |
| test.c:14:15:14:20 | call to calloc | Use of banned dynamic memory allocation. |
| test.c:15:8:15:14 | call to realloc | Use of banned dynamic memory allocation. |
| test.c:16:3:16:6 | call to free | Use of banned dynamic memory deallocation. |
| test.c:17:3:17:6 | call to free | Use of banned dynamic memory deallocation. |
