WARNING: module 'DataFlow' has been deprecated and may be removed in future (DependenceOnOrderOfFunctionArgumentsForSideEffects.ql:23,31-39)
WARNING: module 'DataFlow' has been deprecated and may be removed in future (DependenceOnOrderOfFunctionArgumentsForSideEffects.ql:23,59-67)
WARNING: module 'DataFlow' has been deprecated and may be removed in future (DependenceOnOrderOfFunctionArgumentsForSideEffects.ql:26,33-41)
WARNING: module 'DataFlow' has been deprecated and may be removed in future (DependenceOnOrderOfFunctionArgumentsForSideEffects.ql:26,57-65)
WARNING: module 'DataFlow' has been deprecated and may be removed in future (DependenceOnOrderOfFunctionArgumentsForSideEffects.ql:30,33-41)
WARNING: module 'DataFlow' has been deprecated and may be removed in future (DependenceOnOrderOfFunctionArgumentsForSideEffects.ql:30,59-67)
WARNING: module 'DataFlow' has been deprecated and may be removed in future (DependenceOnOrderOfFunctionArgumentsForSideEffects.ql:39,5-13)
WARNING: module 'DataFlow' has been deprecated and may be removed in future (DependenceOnOrderOfFunctionArgumentsForSideEffects.ql:39,25-33)
WARNING: module 'DataFlow' has been deprecated and may be removed in future (DependenceOnOrderOfFunctionArgumentsForSideEffects.ql:39,53-61)
WARNING: module 'DataFlow' has been deprecated and may be removed in future (DependenceOnOrderOfFunctionArgumentsForSideEffects.ql:42,31-39)
WARNING: module 'DataFlow' has been deprecated and may be removed in future (DependenceOnOrderOfFunctionArgumentsForSideEffects.ql:42,57-65)
WARNING: module 'DataFlow' has been deprecated and may be removed in future (DependenceOnOrderOfFunctionArgumentsForSideEffects.ql:51,31-39)
WARNING: module 'DataFlow' has been deprecated and may be removed in future (DependenceOnOrderOfFunctionArgumentsForSideEffects.ql:51,55-63)
WARNING: module 'DataFlow' has been deprecated and may be removed in future (DependenceOnOrderOfFunctionArgumentsForSideEffects.ql:58,31-39)
WARNING: module 'DataFlow' has been deprecated and may be removed in future (DependenceOnOrderOfFunctionArgumentsForSideEffects.ql:58,57-65)
WARNING: module 'DataFlow' has been deprecated and may be removed in future (DependenceOnOrderOfFunctionArgumentsForSideEffects.ql:70,31-39)
WARNING: module 'DataFlow' has been deprecated and may be removed in future (DependenceOnOrderOfFunctionArgumentsForSideEffects.ql:70,55-63)
WARNING: module 'TaintTracking' has been deprecated and may be removed in future (DependenceOnOrderOfFunctionArgumentsForSideEffects.ql:23,5-18)
WARNING: module 'TaintTracking' has been deprecated and may be removed in future (DependenceOnOrderOfFunctionArgumentsForSideEffects.ql:26,7-20)
WARNING: module 'TaintTracking' has been deprecated and may be removed in future (DependenceOnOrderOfFunctionArgumentsForSideEffects.ql:30,7-20)
WARNING: module 'TaintTracking' has been deprecated and may be removed in future (DependenceOnOrderOfFunctionArgumentsForSideEffects.ql:42,5-18)
WARNING: module 'TaintTracking' has been deprecated and may be removed in future (DependenceOnOrderOfFunctionArgumentsForSideEffects.ql:51,5-18)
WARNING: module 'TaintTracking' has been deprecated and may be removed in future (DependenceOnOrderOfFunctionArgumentsForSideEffects.ql:58,5-18)
WARNING: module 'TaintTracking' has been deprecated and may be removed in future (DependenceOnOrderOfFunctionArgumentsForSideEffects.ql:70,5-18)
| test.c:20:3:20:4 | call to f1 | Depending on the order of evaluation for the arguments $@ and $@ for side effects on shared state is unspecified and can result in unexpected behavior. | test.c:20:6:20:7 | call to f2 | call to f2 | test.c:20:12:20:13 | call to f3 | call to f3 |
