| test.c:19:3:19:11 | ... + ... | Expressions of essentially character type shall not be used inappropriately in addition and subtraction operations |
| test.c:20:3:20:9 | ... + ... | Expressions of essentially character type shall not be used inappropriately in addition and subtraction operations |
| test.c:21:3:21:9 | ... + ... | Expressions of essentially character type shall not be used inappropriately in addition and subtraction operations |
| test.c:22:3:22:9 | ... + ... | Expressions of essentially character type shall not be used inappropriately in addition and subtraction operations |
| test.c:23:3:23:9 | ... + ... | Expressions of essentially character type shall not be used inappropriately in addition and subtraction operations |
| test.c:24:3:24:10 | ... + ... | Expressions of essentially character type shall not be used inappropriately in addition and subtraction operations |
| test.c:25:3:25:10 | ... + ... | Expressions of essentially character type shall not be used inappropriately in addition and subtraction operations |
| test.c:28:3:28:9 | ... + ... | Expressions of essentially character type shall not be used inappropriately in addition and subtraction operations |
| test.c:29:3:29:10 | ... + ... | Expressions of essentially character type shall not be used inappropriately in addition and subtraction operations |
| test.c:35:3:35:9 | ... - ... | Expressions of essentially character type shall not be used inappropriately in addition and subtraction operations |
| test.c:36:3:36:9 | ... - ... | Expressions of essentially character type shall not be used inappropriately in addition and subtraction operations |
| test.c:37:3:37:9 | ... - ... | Expressions of essentially character type shall not be used inappropriately in addition and subtraction operations |
| test.c:38:3:38:9 | ... - ... | Expressions of essentially character type shall not be used inappropriately in addition and subtraction operations |
| test.c:39:3:39:9 | ... - ... | Expressions of essentially character type shall not be used inappropriately in addition and subtraction operations |
| test.c:40:3:40:9 | ... - ... | Expressions of essentially character type shall not be used inappropriately in addition and subtraction operations |
| test.c:41:3:41:10 | ... - ... | Expressions of essentially character type shall not be used inappropriately in addition and subtraction operations |
| test.c:42:3:42:10 | ... - ... | Expressions of essentially character type shall not be used inappropriately in addition and subtraction operations |
| test.c:45:3:45:9 | ... - ... | Expressions of essentially character type shall not be used inappropriately in addition and subtraction operations |
| test.c:46:3:46:10 | ... - ... | Expressions of essentially character type shall not be used inappropriately in addition and subtraction operations |
