| test.c:15:3:15:9 | call to realloc | Size argument '$@' equals zero in realloc call, resulting in obsolescent and/or implementation-defined behavior. | test.c:15:14:15:15 | p0 | p0 |
