| test.cpp:22:6:22:8 | min | The function $@ reuses a reserved standard library name. | test.cpp:22:6:22:8 | min | min |
