| test.cpp:19:5:19:10 | tzname | The variable $@ reuses a reserved standard library name. | test.cpp:19:5:19:10 | tzname | tzname |
