| test.cpp:24:6:24:17 | operator ""x | Literal suffix identifier $@ does not start with an underscore. | test.cpp:24:6:24:17 | operator ""x | operator ""x |
