| test.cpp:28:5:28:6 | _X | Name $@ uses the reserved prefix '_'. | test.cpp:28:5:28:6 | _X | _X |
| test.cpp:29:5:29:6 | _x | Name $@ uses the reserved prefix '_'. | test.cpp:29:5:29:6 | _x | _x |
| test.cpp:33:5:33:6 | _X | Name $@ uses the reserved prefix '_'. | test.cpp:33:5:33:6 | _X | _X |
| test.cpp:37:1:37:3 | _i | Name $@ uses the reserved prefix '_'. | test.cpp:37:1:37:3 | _i | _i |
| test.h:2:1:2:15 | #define _TEST_H | Name $@ uses the reserved prefix '_'. | test.h:2:1:2:15 | #define _TEST_H | _TEST_H |
