| test.cpp:16:3:16:8 | call to strcat | Call to banned string handling function 'strcat'. |
| test.cpp:17:3:17:8 | call to strchr | Call to banned string handling function 'strchr'. |
| test.cpp:18:3:18:8 | call to strcmp | Call to banned string handling function 'strcmp'. |
| test.cpp:19:3:19:9 | call to strcoll | Call to banned string handling function 'strcoll'. |
| test.cpp:20:3:20:8 | call to strcpy | Call to banned string handling function 'strcpy'. |
| test.cpp:21:3:21:9 | call to strcspn | Call to banned string handling function 'strcspn'. |
| test.cpp:22:3:22:10 | call to strerror | Call to banned string handling function 'strerror'. |
| test.cpp:23:3:23:8 | call to strlen | Call to banned string handling function 'strlen'. |
| test.cpp:24:3:24:9 | call to strncat | Call to banned string handling function 'strncat'. |
| test.cpp:25:3:25:9 | call to strncmp | Call to banned string handling function 'strncmp'. |
| test.cpp:26:3:26:9 | call to strncpy | Call to banned string handling function 'strncpy'. |
| test.cpp:27:3:27:9 | call to strpbrk | Call to banned string handling function 'strpbrk'. |
| test.cpp:28:3:28:9 | call to strrchr | Call to banned string handling function 'strrchr'. |
| test.cpp:29:3:29:8 | call to strspn | Call to banned string handling function 'strspn'. |
| test.cpp:30:3:30:8 | call to strstr | Call to banned string handling function 'strstr'. |
| test.cpp:31:3:31:8 | call to strtok | Call to banned string handling function 'strtok'. |
| test.cpp:32:3:32:9 | call to strxfrm | Call to banned string handling function 'strxfrm'. |
| test.cpp:39:3:39:8 | call to strtol | Call to banned string handling function 'strtol'. |
| test.cpp:40:3:40:9 | call to strtoll | Call to banned string handling function 'strtoll'. |
| test.cpp:41:3:41:9 | call to strtoul | Call to banned string handling function 'strtoul'. |
| test.cpp:42:3:42:10 | call to strtoull | Call to banned string handling function 'strtoull'. |
| test.cpp:43:3:43:8 | call to strtod | Call to banned string handling function 'strtod'. |
| test.cpp:44:3:44:8 | call to strtof | Call to banned string handling function 'strtof'. |
| test.cpp:45:3:45:9 | call to strtold | Call to banned string handling function 'strtold'. |
| test.cpp:54:3:54:8 | call to fgetwc | Call to banned string handling function 'fgetwc'. |
| test.cpp:55:3:55:8 | call to fputwc | Call to banned string handling function 'fputwc'. |
| test.cpp:56:3:56:8 | call to wcstol | Call to banned string handling function 'wcstol'. |
| test.cpp:57:3:57:9 | call to wcstoll | Call to banned string handling function 'wcstoll'. |
| test.cpp:58:3:58:9 | call to wcstoul | Call to banned string handling function 'wcstoul'. |
| test.cpp:59:3:59:10 | call to wcstoull | Call to banned string handling function 'wcstoull'. |
| test.cpp:60:3:60:8 | call to wcstod | Call to banned string handling function 'wcstod'. |
| test.cpp:61:3:61:8 | call to wcstof | Call to banned string handling function 'wcstof'. |
| test.cpp:62:3:62:9 | call to wcstold | Call to banned string handling function 'wcstold'. |
| test.cpp:71:3:71:11 | call to strtoumax | Call to banned string handling function 'strtoumax'. |
| test.cpp:72:3:72:11 | call to strtoimax | Call to banned string handling function 'strtoimax'. |
| test.cpp:73:3:73:11 | call to wcstoumax | Call to banned string handling function 'wcstoumax'. |
| test.cpp:74:3:74:11 | call to wcstoimax | Call to banned string handling function 'wcstoimax'. |
| test.cpp:78:39:78:45 | & ... | Address taken of banned string handling function 'strcat'. |
| test.cpp:79:39:79:44 | strcat | Reference to banned string handling function 'strcat'. |
| test.cpp:80:42:80:48 | & ... | Address taken of banned string handling function 'strchr'. |
| test.cpp:81:42:81:47 | strchr | Reference to banned string handling function 'strchr'. |
| test.cpp:82:43:82:49 | & ... | Address taken of banned string handling function 'strcmp'. |
| test.cpp:83:43:83:48 | strcmp | Reference to banned string handling function 'strcmp'. |
| test.cpp:84:43:84:50 | & ... | Address taken of banned string handling function 'strcoll'. |
| test.cpp:85:43:85:49 | strcoll | Reference to banned string handling function 'strcoll'. |
| test.cpp:86:39:86:45 | & ... | Address taken of banned string handling function 'strcpy'. |
| test.cpp:87:40:87:45 | strcpy | Reference to banned string handling function 'strcpy'. |
| test.cpp:88:47:88:54 | & ... | Address taken of banned string handling function 'strcspn'. |
| test.cpp:89:47:89:53 | strcspn | Reference to banned string handling function 'strcspn'. |
| test.cpp:90:23:90:31 | & ... | Address taken of banned string handling function 'strerror'. |
| test.cpp:91:23:91:30 | strerror | Reference to banned string handling function 'strerror'. |
| test.cpp:92:33:92:39 | & ... | Address taken of banned string handling function 'strlen'. |
| test.cpp:93:33:93:38 | strlen | Reference to banned string handling function 'strlen'. |
| test.cpp:94:48:94:55 | & ... | Address taken of banned string handling function 'strncat'. |
| test.cpp:95:48:95:54 | strncat | Reference to banned string handling function 'strncat'. |
| test.cpp:96:52:96:59 | & ... | Address taken of banned string handling function 'strncmp'. |
| test.cpp:97:52:97:58 | strncmp | Reference to banned string handling function 'strncmp'. |
| test.cpp:98:48:98:55 | & ... | Address taken of banned string handling function 'strncpy'. |
| test.cpp:99:48:99:54 | strncpy | Reference to banned string handling function 'strncpy'. |
| test.cpp:100:52:100:59 | & ... | Address taken of banned string handling function 'strpbrk'. |
| test.cpp:101:52:101:58 | strpbrk | Reference to banned string handling function 'strpbrk'. |
| test.cpp:102:43:102:50 | & ... | Address taken of banned string handling function 'strrchr'. |
| test.cpp:103:43:103:49 | strrchr | Reference to banned string handling function 'strrchr'. |
| test.cpp:104:47:104:53 | & ... | Address taken of banned string handling function 'strspn'. |
| test.cpp:105:47:105:52 | strspn | Reference to banned string handling function 'strspn'. |
| test.cpp:106:52:106:58 | & ... | Address taken of banned string handling function 'strstr'. |
| test.cpp:107:52:107:57 | strstr | Reference to banned string handling function 'strstr'. |
| test.cpp:108:40:108:46 | & ... | Address taken of banned string handling function 'strtok'. |
| test.cpp:109:40:109:45 | strtok | Reference to banned string handling function 'strtok'. |
| test.cpp:110:49:110:56 | & ... | Address taken of banned string handling function 'strxfrm'. |
| test.cpp:111:49:111:55 | strxfrm | Reference to banned string handling function 'strxfrm'. |
| test.cpp:115:44:115:50 | & ... | Address taken of banned string handling function 'strtol'. |
| test.cpp:116:44:116:49 | strtol | Reference to banned string handling function 'strtol'. |
| test.cpp:117:49:117:56 | & ... | Address taken of banned string handling function 'strtoll'. |
| test.cpp:118:49:118:55 | strtoll | Reference to banned string handling function 'strtoll'. |
| test.cpp:119:53:119:60 | & ... | Address taken of banned string handling function 'strtoul'. |
| test.cpp:120:53:120:59 | strtoul | Reference to banned string handling function 'strtoul'. |
| test.cpp:122:7:122:15 | & ... | Address taken of banned string handling function 'strtoull'. |
| test.cpp:124:7:124:14 | strtoull | Reference to banned string handling function 'strtoull'. |
| test.cpp:125:41:125:47 | & ... | Address taken of banned string handling function 'strtod'. |
| test.cpp:126:42:126:47 | strtod | Reference to banned string handling function 'strtod'. |
| test.cpp:127:41:127:47 | & ... | Address taken of banned string handling function 'strtof'. |
| test.cpp:128:41:128:46 | strtof | Reference to banned string handling function 'strtof'. |
| test.cpp:129:47:129:54 | & ... | Address taken of banned string handling function 'strtold'. |
| test.cpp:130:47:130:53 | strtold | Reference to banned string handling function 'strtold'. |
| test.cpp:134:26:134:32 | & ... | Address taken of banned string handling function 'fgetwc'. |
| test.cpp:135:26:135:31 | fgetwc | Reference to banned string handling function 'fgetwc'. |
| test.cpp:136:35:136:41 | & ... | Address taken of banned string handling function 'fputwc'. |
| test.cpp:137:35:137:40 | fputwc | Reference to banned string handling function 'fputwc'. |
| test.cpp:138:50:138:56 | & ... | Address taken of banned string handling function 'wcstol'. |
| test.cpp:139:50:139:55 | wcstol | Reference to banned string handling function 'wcstol'. |
| test.cpp:140:55:140:62 | & ... | Address taken of banned string handling function 'wcstoll'. |
| test.cpp:141:55:141:61 | wcstoll | Reference to banned string handling function 'wcstoll'. |
| test.cpp:143:7:143:14 | & ... | Address taken of banned string handling function 'wcstoul'. |
| test.cpp:145:7:145:13 | wcstoul | Reference to banned string handling function 'wcstoul'. |
| test.cpp:147:7:147:15 | & ... | Address taken of banned string handling function 'wcstoull'. |
| test.cpp:149:7:149:14 | wcstoull | Reference to banned string handling function 'wcstoull'. |
| test.cpp:150:48:150:54 | & ... | Address taken of banned string handling function 'wcstod'. |
| test.cpp:151:48:151:53 | wcstod | Reference to banned string handling function 'wcstod'. |
| test.cpp:152:47:152:53 | & ... | Address taken of banned string handling function 'wcstof'. |
| test.cpp:153:47:153:52 | wcstof | Reference to banned string handling function 'wcstof'. |
| test.cpp:154:53:154:60 | & ... | Address taken of banned string handling function 'wcstold'. |
| test.cpp:155:53:155:59 | wcstold | Reference to banned string handling function 'wcstold'. |
| test.cpp:159:49:159:58 | & ... | Address taken of banned string handling function 'strtoumax'. |
| test.cpp:160:49:160:57 | strtoumax | Reference to banned string handling function 'strtoumax'. |
| test.cpp:161:48:161:57 | & ... | Address taken of banned string handling function 'strtoimax'. |
| test.cpp:162:48:162:56 | strtoimax | Reference to banned string handling function 'strtoimax'. |
| test.cpp:164:7:164:16 | & ... | Address taken of banned string handling function 'wcstoumax'. |
| test.cpp:166:7:166:15 | wcstoumax | Reference to banned string handling function 'wcstoumax'. |
| test.cpp:168:7:168:16 | & ... | Address taken of banned string handling function 'wcstoimax'. |
| test.cpp:169:54:169:62 | wcstoimax | Reference to banned string handling function 'wcstoimax'. |
| test.cpp:177:3:177:13 | call to strcat | Call to banned string handling function 'strcat'. |
| test.cpp:178:3:178:13 | call to strchr | Call to banned string handling function 'strchr'. |
| test.cpp:179:3:179:13 | call to strcmp | Call to banned string handling function 'strcmp'. |
| test.cpp:180:3:180:14 | call to strcoll | Call to banned string handling function 'strcoll'. |
| test.cpp:181:3:181:13 | call to strcpy | Call to banned string handling function 'strcpy'. |
| test.cpp:182:3:182:14 | call to strcspn | Call to banned string handling function 'strcspn'. |
| test.cpp:183:3:183:15 | call to strerror | Call to banned string handling function 'strerror'. |
| test.cpp:184:3:184:13 | call to strlen | Call to banned string handling function 'strlen'. |
| test.cpp:185:3:185:14 | call to strncat | Call to banned string handling function 'strncat'. |
| test.cpp:186:3:186:14 | call to strncmp | Call to banned string handling function 'strncmp'. |
| test.cpp:187:3:187:14 | call to strncpy | Call to banned string handling function 'strncpy'. |
| test.cpp:188:3:188:14 | call to strpbrk | Call to banned string handling function 'strpbrk'. |
| test.cpp:189:3:189:14 | call to strrchr | Call to banned string handling function 'strrchr'. |
| test.cpp:190:3:190:13 | call to strspn | Call to banned string handling function 'strspn'. |
| test.cpp:191:3:191:13 | call to strstr | Call to banned string handling function 'strstr'. |
| test.cpp:192:3:192:13 | call to strtok | Call to banned string handling function 'strtok'. |
| test.cpp:193:3:193:14 | call to strxfrm | Call to banned string handling function 'strxfrm'. |
| test.cpp:200:3:200:13 | call to strtol | Call to banned string handling function 'strtol'. |
| test.cpp:201:3:201:14 | call to strtoll | Call to banned string handling function 'strtoll'. |
| test.cpp:202:3:202:14 | call to strtoul | Call to banned string handling function 'strtoul'. |
| test.cpp:203:3:203:15 | call to strtoull | Call to banned string handling function 'strtoull'. |
| test.cpp:204:3:204:13 | call to strtod | Call to banned string handling function 'strtod'. |
| test.cpp:205:3:205:13 | call to strtof | Call to banned string handling function 'strtof'. |
| test.cpp:206:3:206:14 | call to strtold | Call to banned string handling function 'strtold'. |
| test.cpp:215:3:215:13 | call to fgetwc | Call to banned string handling function 'fgetwc'. |
| test.cpp:216:3:216:13 | call to fputwc | Call to banned string handling function 'fputwc'. |
| test.cpp:217:3:217:13 | call to wcstol | Call to banned string handling function 'wcstol'. |
| test.cpp:218:3:218:14 | call to wcstoll | Call to banned string handling function 'wcstoll'. |
| test.cpp:219:3:219:14 | call to wcstoul | Call to banned string handling function 'wcstoul'. |
| test.cpp:220:3:220:15 | call to wcstoull | Call to banned string handling function 'wcstoull'. |
| test.cpp:221:3:221:13 | call to wcstod | Call to banned string handling function 'wcstod'. |
| test.cpp:222:3:222:13 | call to wcstof | Call to banned string handling function 'wcstof'. |
| test.cpp:223:3:223:14 | call to wcstold | Call to banned string handling function 'wcstold'. |
| test.cpp:232:3:232:16 | call to strtoumax | Call to banned string handling function 'strtoumax'. |
| test.cpp:233:3:233:16 | call to strtoimax | Call to banned string handling function 'strtoimax'. |
| test.cpp:234:3:234:16 | call to wcstoumax | Call to banned string handling function 'wcstoumax'. |
| test.cpp:235:3:235:16 | call to wcstoimax | Call to banned string handling function 'wcstoimax'. |
| test.cpp:239:39:239:50 | & ... | Address taken of banned string handling function 'strcat'. |
| test.cpp:240:39:240:49 | strcat | Reference to banned string handling function 'strcat'. |
| test.cpp:241:42:241:53 | & ... | Address taken of banned string handling function 'strchr'. |
| test.cpp:242:42:242:52 | strchr | Reference to banned string handling function 'strchr'. |
| test.cpp:243:43:243:54 | & ... | Address taken of banned string handling function 'strcmp'. |
| test.cpp:244:43:244:53 | strcmp | Reference to banned string handling function 'strcmp'. |
| test.cpp:245:43:245:55 | & ... | Address taken of banned string handling function 'strcoll'. |
| test.cpp:246:43:246:54 | strcoll | Reference to banned string handling function 'strcoll'. |
| test.cpp:247:39:247:50 | & ... | Address taken of banned string handling function 'strcpy'. |
| test.cpp:248:40:248:50 | strcpy | Reference to banned string handling function 'strcpy'. |
| test.cpp:249:47:249:59 | & ... | Address taken of banned string handling function 'strcspn'. |
| test.cpp:250:47:250:58 | strcspn | Reference to banned string handling function 'strcspn'. |
| test.cpp:251:23:251:36 | & ... | Address taken of banned string handling function 'strerror'. |
| test.cpp:252:23:252:35 | strerror | Reference to banned string handling function 'strerror'. |
| test.cpp:253:33:253:44 | & ... | Address taken of banned string handling function 'strlen'. |
| test.cpp:254:33:254:43 | strlen | Reference to banned string handling function 'strlen'. |
| test.cpp:255:48:255:60 | & ... | Address taken of banned string handling function 'strncat'. |
| test.cpp:256:48:256:59 | strncat | Reference to banned string handling function 'strncat'. |
| test.cpp:258:7:258:19 | & ... | Address taken of banned string handling function 'strncmp'. |
| test.cpp:260:7:260:18 | strncmp | Reference to banned string handling function 'strncmp'. |
| test.cpp:261:48:261:60 | & ... | Address taken of banned string handling function 'strncpy'. |
| test.cpp:262:48:262:59 | strncpy | Reference to banned string handling function 'strncpy'. |
| test.cpp:264:7:264:19 | & ... | Address taken of banned string handling function 'strpbrk'. |
| test.cpp:266:7:266:18 | strpbrk | Reference to banned string handling function 'strpbrk'. |
| test.cpp:267:43:267:55 | & ... | Address taken of banned string handling function 'strrchr'. |
| test.cpp:268:43:268:54 | strrchr | Reference to banned string handling function 'strrchr'. |
| test.cpp:269:47:269:58 | & ... | Address taken of banned string handling function 'strspn'. |
| test.cpp:270:47:270:57 | strspn | Reference to banned string handling function 'strspn'. |
| test.cpp:272:7:272:18 | & ... | Address taken of banned string handling function 'strstr'. |
| test.cpp:273:52:273:62 | strstr | Reference to banned string handling function 'strstr'. |
| test.cpp:274:40:274:51 | & ... | Address taken of banned string handling function 'strtok'. |
| test.cpp:275:40:275:50 | strtok | Reference to banned string handling function 'strtok'. |
| test.cpp:276:49:276:61 | & ... | Address taken of banned string handling function 'strxfrm'. |
| test.cpp:277:49:277:60 | strxfrm | Reference to banned string handling function 'strxfrm'. |
| test.cpp:281:44:281:55 | & ... | Address taken of banned string handling function 'strtol'. |
| test.cpp:282:44:282:54 | strtol | Reference to banned string handling function 'strtol'. |
| test.cpp:283:49:283:61 | & ... | Address taken of banned string handling function 'strtoll'. |
| test.cpp:284:49:284:60 | strtoll | Reference to banned string handling function 'strtoll'. |
| test.cpp:286:7:286:19 | & ... | Address taken of banned string handling function 'strtoul'. |
| test.cpp:288:7:288:18 | strtoul | Reference to banned string handling function 'strtoul'. |
| test.cpp:290:7:290:20 | & ... | Address taken of banned string handling function 'strtoull'. |
| test.cpp:292:7:292:19 | strtoull | Reference to banned string handling function 'strtoull'. |
| test.cpp:293:41:293:52 | & ... | Address taken of banned string handling function 'strtod'. |
| test.cpp:294:42:294:52 | strtod | Reference to banned string handling function 'strtod'. |
| test.cpp:295:41:295:52 | & ... | Address taken of banned string handling function 'strtof'. |
| test.cpp:296:41:296:51 | strtof | Reference to banned string handling function 'strtof'. |
| test.cpp:297:47:297:59 | & ... | Address taken of banned string handling function 'strtold'. |
| test.cpp:298:47:298:58 | strtold | Reference to banned string handling function 'strtold'. |
| test.cpp:302:26:302:37 | & ... | Address taken of banned string handling function 'fgetwc'. |
| test.cpp:303:26:303:36 | fgetwc | Reference to banned string handling function 'fgetwc'. |
| test.cpp:304:35:304:46 | & ... | Address taken of banned string handling function 'fputwc'. |
| test.cpp:305:35:305:45 | fputwc | Reference to banned string handling function 'fputwc'. |
| test.cpp:306:50:306:61 | & ... | Address taken of banned string handling function 'wcstol'. |
| test.cpp:307:50:307:60 | wcstol | Reference to banned string handling function 'wcstol'. |
| test.cpp:309:7:309:19 | & ... | Address taken of banned string handling function 'wcstoll'. |
| test.cpp:311:7:311:18 | wcstoll | Reference to banned string handling function 'wcstoll'. |
| test.cpp:313:7:313:19 | & ... | Address taken of banned string handling function 'wcstoul'. |
| test.cpp:315:7:315:18 | wcstoul | Reference to banned string handling function 'wcstoul'. |
| test.cpp:317:7:317:20 | & ... | Address taken of banned string handling function 'wcstoull'. |
| test.cpp:319:7:319:19 | wcstoull | Reference to banned string handling function 'wcstoull'. |
| test.cpp:320:48:320:59 | & ... | Address taken of banned string handling function 'wcstod'. |
| test.cpp:321:48:321:58 | wcstod | Reference to banned string handling function 'wcstod'. |
| test.cpp:322:47:322:58 | & ... | Address taken of banned string handling function 'wcstof'. |
| test.cpp:323:47:323:57 | wcstof | Reference to banned string handling function 'wcstof'. |
| test.cpp:325:7:325:19 | & ... | Address taken of banned string handling function 'wcstold'. |
| test.cpp:327:7:327:18 | wcstold | Reference to banned string handling function 'wcstold'. |
| test.cpp:332:7:332:21 | & ... | Address taken of banned string handling function 'strtoumax'. |
| test.cpp:333:49:333:62 | strtoumax | Reference to banned string handling function 'strtoumax'. |
| test.cpp:334:48:334:62 | & ... | Address taken of banned string handling function 'strtoimax'. |
| test.cpp:335:48:335:61 | strtoimax | Reference to banned string handling function 'strtoimax'. |
| test.cpp:337:7:337:21 | & ... | Address taken of banned string handling function 'wcstoumax'. |
| test.cpp:339:7:339:20 | wcstoumax | Reference to banned string handling function 'wcstoumax'. |
| test.cpp:341:7:341:21 | & ... | Address taken of banned string handling function 'wcstoimax'. |
| test.cpp:343:7:343:20 | wcstoimax | Reference to banned string handling function 'wcstoimax'. |
