| test.cpp:7:7:7:7 | y | Local variable 'y' in 'test_simple' is not used. |
| test.cpp:15:7:15:7 | z | Local variable 'z' in 'test_const' is not used. |
| test.cpp:21:5:21:5 | t | Local variable 't' in 'f1' is not used. |
| test.cpp:21:5:21:5 | t | Local variable 't' in 'f1' is not used. |
| test.cpp:42:6:42:6 | a | Local variable 'a' in 'test_side_effect_init' is not used. |
| test.cpp:89:5:89:5 | t | Local variable 't' in 'template_function' is not used. |
