| test.c:6:11:6:13 | & ... | Thread specific storage pointer '$@' used before initialization from entry point function '$@'. | test.c:5:9:5:10 | l1 | l1 | test.c:4:6:4:19 | use_local_mtxs | use_local_mtxs |
| test.c:11:11:11:12 | l4 | Thread specific storage pointer '$@' used before initialization from entry point function '$@'. | test.c:10:15:10:20 | call to malloc | call to malloc | test.c:16:6:16:31 | root1_calls_use_local_mtxs | root1_calls_use_local_mtxs |
| test.c:25:11:25:13 | & ... | Thread specific storage pointer '$@' used before initialization from entry point function '$@'. | test.c:22:7:22:8 | g1 | g1 | test.c:24:6:24:28 | root2_uses_global_tss_t | root2_uses_global_tss_t |
| test.c:38:11:38:13 | & ... | Thread specific storage pointer '$@' used before initialization from entry point function '$@'. | test.c:22:7:22:8 | g1 | g1 | test.c:41:6:41:45 | root4_call_thread_without_initialization | root4_call_thread_without_initialization |
| test.c:58:11:58:13 | & ... | Thread specific storage pointer '$@' used before initialization from entry point function '$@'. | test.c:56:7:56:8 | g5 | g5 | test.c:67:6:67:50 | root6_spawn_thread_uninitialized_thread_local | root6_spawn_thread_uninitialized_thread_local |
