| test.c:2:9:2:9 | (unnamed class/struct/union) | Use of banned 'union' keyword. |
