| test.c:110:3:110:10 | call to mtx_init | Mutex initialization reachable from threaded function '$@'. | test.c:105:6:105:32 | from_root7_use_thread_local | from_root7_use_thread_local |
